// Jest Snapshot v1, https://goo.gl/fbAQLP

exports[`App component renders App 1`] = `
<DocumentFragment>
  <h1>
    Loading.1.2.3
  </h1>
</DocumentFragment>
`;
